// Jest Snapshot v1, https://goo.gl/fbAQLP

exports[`Banner render 1`] = `
<div
  className="banner"
>
  <h1
    className="title"
  >
    bannerTest
  </h1>
  <p
    className="description"
  >
    bannerDescription
  </p>
</div>
`;
