// Jest Snapshot v1, https://goo.gl/fbAQLP

exports[`Footer render 1`] = `
<footer
  className="footer"
>
  <h1
    className="content"
  >
    © 2022 All Rights Reserved, Jooyoung®
  </h1>
</footer>
`;
